
> naraddon-nextjs@0.1.6 build
> next build

   ▲ Next.js 14.1.0
   - Environments: .env.production.local, .env.local, .env.production
   - Experiments (use at your own risk):
     · cpus
     · instrumentationHook

   Creating an optimized production build ...
warn  - It seems like you don't have a global error handler set up. It is recommended that you add a global-error.js file with Sentry instrumentation so that React rendering errors are reported to Sentry. Read more: https://docs.sentry.io/platforms/javascript/guides/nextjs/manual-setup/#react-render-errors-in-app-router (you can suppress this warning by setting SENTRY_SUPPRESS_GLOBAL_ERROR_HANDLER_FILE_WARNING=1 as environment variable)
[@sentry/nextjs] DEPRECATION WARNING: It is recommended renaming your `sentry.client.config.ts` file, or moving its content to `instrumentation-client.ts`. When using Turbopack `sentry.client.config.ts` will no longer work. Read more about the `instrumentation-client.ts` file: https://nextjs.org/docs/app/api-reference/file-conventions/instrumentation-client
Failed to compile.

./app/api/examiner/blacklist/[id]/memo/route.ts
Module not found: Can't resolve '@/lib/authOptions'

https://nextjs.org/docs/messages/module-not-found

./app/api/examiner/blacklist/[id]/route.ts
Module not found: Can't resolve '@/lib/authOptions'

https://nextjs.org/docs/messages/module-not-found

./app/api/examiner/blacklist/route.ts
Module not found: Can't resolve '@/lib/authOptions'

https://nextjs.org/docs/messages/module-not-found


> Build failed because of webpack errors
