
> naraddon-nextjs@0.1.6 build
> next build

   ▲ Next.js 14.1.0
   - Environments: .env.production.local, .env.local, .env.production
   - Experiments (use at your own risk):
     · cpus
     · instrumentationHook

   Creating an optimized production build ...
warn  - It seems like you don't have a global error handler set up. It is recommended that you add a global-error.js file with Sentry instrumentation so that React rendering errors are reported to Sentry. Read more: https://docs.sentry.io/platforms/javascript/guides/nextjs/manual-setup/#react-render-errors-in-app-router (you can suppress this warning by setting SENTRY_SUPPRESS_GLOBAL_ERROR_HANDLER_FILE_WARNING=1 as environment variable)
[@sentry/nextjs] DEPRECATION WARNING: It is recommended renaming your `sentry.client.config.ts` file, or moving its content to `instrumentation-client.ts`. When using Turbopack `sentry.client.config.ts` will no longer work. Read more about the `instrumentation-client.ts` file: https://nextjs.org/docs/app/api-reference/file-conventions/instrumentation-client
Failed to compile.

./app/api/business-voice/ttontok/route.ts:151:47
Module not found: Can't resolve '@/lib/notifications/telegram'
[0m [90m 149 |[39m[0m
[0m [90m 150 |[39m     [90m// 텔레그램 알림 전송 (비동기로 실행, 실패해도 게시글 작성 진행)[39m[0m
[0m[31m[1m>[22m[39m[90m 151 |[39m     [36mconst[39m { sendTelegramNotification } [33m=[39m [36mawait[39m [36mimport[39m([32m'@/lib/notifications/telegram'[39m)[33m;[39m[0m
[0m [90m     |[39m                                               [31m[1m^[22m[39m[0m
[0m [90m 152 |[39m     sendTelegramNotification({[0m
[0m [90m 153 |[39m       type[33m:[39m [32m'examiner_post'[39m[33m,[39m[0m
[0m [90m 154 |[39m       data[33m:[39m {[0m

https://nextjs.org/docs/messages/module-not-found

./app/api/ddontalk/route.ts:85:47
Module not found: Can't resolve '@/lib/notifications/telegram'
[0m [90m 83 |[39m[0m
[0m [90m 84 |[39m     [90m// 텔레그램 알림 전송 (비동기로 실행, 실패해도 게시글 작성 진행)[39m[0m
[0m[31m[1m>[22m[39m[90m 85 |[39m     [36mconst[39m { sendTelegramNotification } [33m=[39m [36mawait[39m [36mimport[39m([32m'@/lib/notifications/telegram'[39m)[33m;[39m[0m
[0m [90m    |[39m                                               [31m[1m^[22m[39m[0m
[0m [90m 86 |[39m     sendTelegramNotification({[0m
[0m [90m 87 |[39m       type[33m:[39m [32m'examiner_post'[39m[33m,[39m[0m
[0m [90m 88 |[39m       data[33m:[39m {[0m

https://nextjs.org/docs/messages/module-not-found

./app/api/policy-news/route.ts:87:47
Module not found: Can't resolve '@/lib/notifications/telegram'
[0m [90m 85 |[39m[0m
[0m [90m 86 |[39m     [90m// 텔레그램 알림 전송 (비동기로 실행, 실패해도 게시글 작성 진행)[39m[0m
[0m[31m[1m>[22m[39m[90m 87 |[39m     [36mconst[39m { sendTelegramNotification } [33m=[39m [36mawait[39m [36mimport[39m([32m'@/lib/notifications/telegram'[39m)[33m;[39m[0m
[0m [90m    |[39m                                               [31m[1m^[22m[39m[0m
[0m [90m 88 |[39m     sendTelegramNotification({[0m
[0m [90m 89 |[39m       type[33m:[39m [32m'examiner_post'[39m[33m,[39m[0m
[0m [90m 90 |[39m       data[33m:[39m {[0m

https://nextjs.org/docs/messages/module-not-found


> Build failed because of webpack errors
